MPLINK 5.09, LINKER
Linker Map File - Created Thu Mar 21 21:25:32 2019

                                 Section Info
                  Section       Type    Address   Location Size(Bytes)
                ---------  ---------  ---------  ---------  ---------
                   .org_0       code   0x000000    program   0x0001b0
                   .cinit    romdata   0x0001b0    program   0x000002
.config_300000_BUILD/DEFAULT/PRODUCTION/PROJECT    romdata   0x300000    program   0x000001
.config_300001_BUILD/DEFAULT/PRODUCTION/PROJECT    romdata   0x300001    program   0x000001
.config_300002_BUILD/DEFAULT/PRODUCTION/PROJECT    romdata   0x300002    program   0x000001
.config_300003_BUILD/DEFAULT/PRODUCTION/PROJECT    romdata   0x300003    program   0x000001
.config_300005_BUILD/DEFAULT/PRODUCTION/PROJECT    romdata   0x300005    program   0x000001
.config_300006_BUILD/DEFAULT/PRODUCTION/PROJECT    romdata   0x300006    program   0x000001



                              Program Memory Usage 
                               Start         End      
                           ---------   ---------      
                            0x000000    0x0001b1      
                            0x300000    0x300003      
                            0x300005    0x300006      
            440 out of 33048 program addresses used, program memory utilization is 1%



                              Symbols - Sorted by Name
                     Name    Address   Location    Storage File                     
                ---------  ---------  ---------  --------- ---------                
                DELAY_5ms   0x0001a2    program     static D:\MPLAB\CP1DPROJECT.X\PROJECTT.asm
                   ENABLE   0x00019a    program     static D:\MPLAB\CP1DPROJECT.X\PROJECTT.asm
                     INIT   0x000010    program     static D:\MPLAB\CP1DPROJECT.X\PROJECTT.asm
              InitiateLCD   0x000028    program     static D:\MPLAB\CP1DPROJECT.X\PROJECTT.asm
          LCD_ClearScreen   0x000186    program     static D:\MPLAB\CP1DPROJECT.X\PROJECTT.asm
              LCD_NewLine   0x00017a    program     static D:\MPLAB\CP1DPROJECT.X\PROJECTT.asm
                LCD_Write   0x000170    program     static D:\MPLAB\CP1DPROJECT.X\PROJECTT.asm
                     LOOP   0x0001a6    program     static D:\MPLAB\CP1DPROJECT.X\PROJECTT.asm
                     MAIN   0x000014    program     static D:\MPLAB\CP1DPROJECT.X\PROJECTT.asm
                PRINTCHAR   0x000060    program     static D:\MPLAB\CP1DPROJECT.X\PROJECTT.asm
               PRINTCHAR2   0x0000d6    program     static D:\MPLAB\CP1DPROJECT.X\PROJECTT.asm



                              Symbols - Sorted by Address
                     Name    Address   Location    Storage File                     
                ---------  ---------  ---------  --------- ---------                
                     INIT   0x000010    program     static D:\MPLAB\CP1DPROJECT.X\PROJECTT.asm
                     MAIN   0x000014    program     static D:\MPLAB\CP1DPROJECT.X\PROJECTT.asm
              InitiateLCD   0x000028    program     static D:\MPLAB\CP1DPROJECT.X\PROJECTT.asm
                PRINTCHAR   0x000060    program     static D:\MPLAB\CP1DPROJECT.X\PROJECTT.asm
               PRINTCHAR2   0x0000d6    program     static D:\MPLAB\CP1DPROJECT.X\PROJECTT.asm
                LCD_Write   0x000170    program     static D:\MPLAB\CP1DPROJECT.X\PROJECTT.asm
              LCD_NewLine   0x00017a    program     static D:\MPLAB\CP1DPROJECT.X\PROJECTT.asm
          LCD_ClearScreen   0x000186    program     static D:\MPLAB\CP1DPROJECT.X\PROJECTT.asm
                   ENABLE   0x00019a    program     static D:\MPLAB\CP1DPROJECT.X\PROJECTT.asm
                DELAY_5ms   0x0001a2    program     static D:\MPLAB\CP1DPROJECT.X\PROJECTT.asm
                     LOOP   0x0001a6    program     static D:\MPLAB\CP1DPROJECT.X\PROJECTT.asm


